let main = (nothing 0); while (True) do { nothing 0 }
