Line 2, characters 16-17: Error (parsing)
  Syntax error.
