Line 3, characters 20-21: Error (parsing)
  Syntax error.
