Line 3, characters 3-4: Error (parsing)
  Syntax error.
