Line 3, characters 5-9: Error (parsing)
  Syntax error.
