Line 3, characters 2-3: Error (parsing)
  Syntax error.
