Error (typechecking)
  Type error:
Expected:
  int
Given:
  char

