Error (typechecking)
  Type error:
Expected:
  char
Given:
  string

