Error (typechecking)
  Type error:
Expected:
  int * int
Given:
  int

