Error (typechecking)
  Type error:
Expected:
  `a
Given:
  int

