Error (typechecking)
  Type error:
Expected:
  `b -> (`a -> `c)
Given:
  `a -> (`b -> `c)

