Error (typechecking)
  The field `y` as type `string' while it should have type `int'.
