Error (typechecking)
  The field `y` as type `int' while it should have type `string'.
