Error (typechecking)
  The field `x` as type `int' while it should have type `string'.
