Error (typechecking)
  Type error:
Expected:
  `b
Given:
  `a

