Error (typechecking)
  Type error:
Expected:
  l
Given:
  int

