Error (typechecking)
  Type error:
Expected:
  t
Given:
  t -> t

