Error (typechecking)
  Only functions can be applied.
