Error (typechecking)
  This pattern is not compatible with the matched value.
