Error (typechecking)
  All patterns must have the same type.
