Error (typechecking)
  This is the second occurrence of this variable in the pattern.
