Error (typechecking)
  This expression cannot be applied. (Too many arguments?)
