Error (typechecking)
  There is no type definition for the label `u'.
