Error (typechecking)
  Type error:
Expected:
  int
Given:
  mut<int>

