Error (typechecking)
  Type error:
Expected:
  string
Given:
  int

