Error (typechecking)
  Type error:
Expected:
  mut<int>
Given:
  mut<string>

