Error (typechecking)
  Type error:
Expected:
  mut<string>
Given:
  mut<int>

